// Vitest Snapshot v1, https://vitest.dev/guide/snapshot.html

exports[`<Cinema> > renders and matches snapshot 1`] = `
<body
  style="margin-right: 0px; overflow-y: hidden;"
>
  <div />
  <div
    style="transition: opacity 0.3s ease-in-out; opacity: 0; will-change: opacity;"
  >
    <div
      class="_modal_6c6c55"
    >
      <div
        class="_backdrop_6c6c55"
        data-testid="backdrop"
      />
      <div
        class="_container_6c6c55"
      >
        <div
          class="_cinemaContainer_555f3c"
          style="transition: transform 0.2s ease-out; transform: scale(0.7);"
        >
          <div
            aria-label="videoplayer"
            aria-modal="true"
            class="_cinema_555f3c"
            role="dialog"
          >
            <div
              class="_overlayFade_555f3c"
              style="transition: opacity 0.25s ease-in-out; opacity: 0; will-change: opacity;"
            >
              <div
                class="_playerOverlay_555f3c"
              >
                <div
                  class="_playerContent_555f3c"
                >
                  <button
                    aria-label="common:back"
                    class="_iconButton_0fef65 _backButton_555f3c"
                    type="button"
                  >
                    <svg
                      aria-hidden="true"
                      class="_icon_585b29"
                      viewBox="0 0 24 24"
                      xmlns="http://www.w3.org/2000/svg"
                    >
                      <path
                        d="M20,11V13H8L13.5,18.5L12.08,19.92L4.16,12L12.08,4.08L13.5,5.5L8,11H20Z"
                      />
                    </svg>
                  </button>
                  <div>
                    <h1
                      class="_title_555f3c"
                    >
                      Test item title
                    </h1>
                    <div
                      class="_metaContainer_555f3c"
                    >
                      <div
                        class="_primaryMetadata_555f3c"
                      >
                        Primary metadata
                      </div>
                    </div>
                  </div>
                </div>
              </div>
            </div>
            <div
              class="_error_41dece"
            >
              <h2
                class="_title_41dece"
              >
                player_error.user_blocked_title
              </h2>
              <p>
                player_error.user_blocked_description
              </p>
            </div>
          </div>
        </div>
      </div>
    </div>
  </div>
</body>
`;
